// Jest Snapshot v1, https://goo.gl/fbAQLP

exports[`<Home/> Should render content 1`] = `
<div>
  <nav
    class="Layoutstyled__Nav-sc-1rs8hgn-1 ekLLBZ fixed"
  >
    <div
      style="overflow: hidden; box-sizing: border-box; display: inline-block; position: relative; width: 70px; height: 70px;"
    >
      <img
        alt="nasa official logo"
        decoding="async"
        src="data:image/gif;base64,R0lGODlhAQABAIAAAAAAAP///yH5BAEAAAAALAAAAAABAAEAAAIBRAA7"
        style="visibility: hidden; position: absolute; top: 0px; left: 0px; bottom: 0px; right: 0px; box-sizing: border-box; padding: 0px; margin: auto; display: block; width: 0px; height: 0px; min-width: 100%; max-width: 100%; min-height: 100%; max-height: 100%;"
      />
    </div>
    <a
      href="/"
    >
      HOME
    </a>
  </nav>
  <div
    class="Layoutstyled__Window-sc-1rs8hgn-0 liZLIt"
  >
    <main>
      <div
        class="Welcomestyled__Container-sc-1ri08ox-0 gQoBXX"
      >
        <h1>
          Welcome Traveler
        </h1>
        <h2>
          Take a sit.
        </h2>
        <h2>
          Have Some coffee.
        </h2>
        <h2>
          Your journey starts now.
        </h2>
      </div>
      <form
        class="SearchBoxstyled__Container-sc-1tw1ahq-0 czcUpe search"
      >
        <h3>
          Search for a image by date
        </h3>
        <div>
          <input
            aria-label="date 
 in format: year, month and day without spaces, just numbers"
            class="Input-sc-1twg6e5-0 lhvOuQ"
            id="search-box__input"
            placeholder="YYYYMMDD"
            type="text"
          />
          <button
            aria-label="search input date"
            class="Button-hd9ftx-0 kixTgi"
          >
            <img
              src="/send.svg"
            />
          </button>
        </div>
      </form>
      <ul
        class="jsx-3904152166 "
      >
        <li
          class="Previewstyled__Li-rry107-0 bXIiZC"
        >
          <div
            style="display: inline-block; max-width: 100%; overflow: hidden; position: relative; box-sizing: border-box; margin: 0px;"
          >
            <div
              style="box-sizing: border-box; display: block; max-width: 100%;"
            >
              <img
                alt=""
                aria-hidden="true"
                role="presentation"
                src="data:image/svg+xml;base64,PHN2ZyB3aWR0aD0iOTAwIiBoZWlnaHQ9IjMwMCIgeG1sbnM9Imh0dHA6Ly93d3cudzMub3JnLzIwMDAvc3ZnIiB2ZXJzaW9uPSIxLjEiLz4="
                style="max-width: 100%; display: block; margin: 0px; padding: 0px;"
              />
            </div>
            <img
              alt="Dark Matter in a Simulated Universe"
              decoding="async"
              src="data:image/gif;base64,R0lGODlhAQABAIAAAAAAAP///yH5BAEAAAAALAAAAAABAAEAAAIBRAA7"
              style="visibility: hidden; position: absolute; top: 0px; left: 0px; bottom: 0px; right: 0px; box-sizing: border-box; padding: 0px; margin: auto; display: block; width: 0px; height: 0px; min-width: 100%; max-width: 100%; min-height: 100%; max-height: 100%; object-fit: cover;"
            />
          </div>
          <h3
            class="Previewstyled____H3-rry107-1 hZxGuM"
          >
            Dark Matter in a Simulated Universe
          </h3>
        </li>
        <li
          class="Previewstyled__Li-rry107-0 bXIiZC"
        >
          <div
            style="display: inline-block; max-width: 100%; overflow: hidden; position: relative; box-sizing: border-box; margin: 0px;"
          >
            <div
              style="box-sizing: border-box; display: block; max-width: 100%;"
            >
              <img
                alt=""
                aria-hidden="true"
                role="presentation"
                src="data:image/svg+xml;base64,PHN2ZyB3aWR0aD0iOTAwIiBoZWlnaHQ9IjMwMCIgeG1sbnM9Imh0dHA6Ly93d3cudzMub3JnLzIwMDAvc3ZnIiB2ZXJzaW9uPSIxLjEiLz4="
                style="max-width: 100%; display: block; margin: 0px; padding: 0px;"
              />
            </div>
            <img
              alt="Globular Star Cluster 47 Tuc"
              decoding="async"
              src="data:image/gif;base64,R0lGODlhAQABAIAAAAAAAP///yH5BAEAAAAALAAAAAABAAEAAAIBRAA7"
              style="visibility: hidden; position: absolute; top: 0px; left: 0px; bottom: 0px; right: 0px; box-sizing: border-box; padding: 0px; margin: auto; display: block; width: 0px; height: 0px; min-width: 100%; max-width: 100%; min-height: 100%; max-height: 100%; object-fit: cover;"
            />
          </div>
          <h3
            class="Previewstyled____H3-rry107-1 hZxGuM"
          >
            Globular Star Cluster 47 Tuc
          </h3>
        </li>
        <li
          class="Previewstyled__Li-rry107-0 bXIiZC"
        >
          <div
            style="display: inline-block; max-width: 100%; overflow: hidden; position: relative; box-sizing: border-box; margin: 0px;"
          >
            <div
              style="box-sizing: border-box; display: block; max-width: 100%;"
            >
              <img
                alt=""
                aria-hidden="true"
                role="presentation"
                src="data:image/svg+xml;base64,PHN2ZyB3aWR0aD0iOTAwIiBoZWlnaHQ9IjMwMCIgeG1sbnM9Imh0dHA6Ly93d3cudzMub3JnLzIwMDAvc3ZnIiB2ZXJzaW9uPSIxLjEiLz4="
                style="max-width: 100%; display: block; margin: 0px; padding: 0px;"
              />
            </div>
            <img
              alt="Supernova in NGC 2525"
              decoding="async"
              src="data:image/gif;base64,R0lGODlhAQABAIAAAAAAAP///yH5BAEAAAAALAAAAAABAAEAAAIBRAA7"
              style="visibility: hidden; position: absolute; top: 0px; left: 0px; bottom: 0px; right: 0px; box-sizing: border-box; padding: 0px; margin: auto; display: block; width: 0px; height: 0px; min-width: 100%; max-width: 100%; min-height: 100%; max-height: 100%; object-fit: cover;"
            />
          </div>
          <h3
            class="Previewstyled____H3-rry107-1 hZxGuM"
          >
            Supernova in NGC 2525
          </h3>
        </li>
        <li
          class="Previewstyled__Li-rry107-0 bXIiZC"
        >
          <div
            style="display: inline-block; max-width: 100%; overflow: hidden; position: relative; box-sizing: border-box; margin: 0px;"
          >
            <div
              style="box-sizing: border-box; display: block; max-width: 100%;"
            >
              <img
                alt=""
                aria-hidden="true"
                role="presentation"
                src="data:image/svg+xml;base64,PHN2ZyB3aWR0aD0iOTAwIiBoZWlnaHQ9IjMwMCIgeG1sbnM9Imh0dHA6Ly93d3cudzMub3JnLzIwMDAvc3ZnIiB2ZXJzaW9uPSIxLjEiLz4="
                style="max-width: 100%; display: block; margin: 0px; padding: 0px;"
              />
            </div>
            <img
              alt="Tagging Bennu"
              decoding="async"
              src="data:image/gif;base64,R0lGODlhAQABAIAAAAAAAP///yH5BAEAAAAALAAAAAABAAEAAAIBRAA7"
              style="visibility: hidden; position: absolute; top: 0px; left: 0px; bottom: 0px; right: 0px; box-sizing: border-box; padding: 0px; margin: auto; display: block; width: 0px; height: 0px; min-width: 100%; max-width: 100%; min-height: 100%; max-height: 100%; object-fit: cover;"
            />
          </div>
          <h3
            class="Previewstyled____H3-rry107-1 hZxGuM"
          >
            Tagging Bennu
          </h3>
        </li>
        <li
          class="Previewstyled__Li-rry107-0 bXIiZC"
        >
          <div
            style="display: inline-block; max-width: 100%; overflow: hidden; position: relative; box-sizing: border-box; margin: 0px;"
          >
            <div
              style="box-sizing: border-box; display: block; max-width: 100%;"
            >
              <img
                alt=""
                aria-hidden="true"
                role="presentation"
                src="data:image/svg+xml;base64,PHN2ZyB3aWR0aD0iOTAwIiBoZWlnaHQ9IjMwMCIgeG1sbnM9Imh0dHA6Ly93d3cudzMub3JnLzIwMDAvc3ZnIiB2ZXJzaW9uPSIxLjEiLz4="
                style="max-width: 100%; display: block; margin: 0px; padding: 0px;"
              />
            </div>
            <img
              alt="A Night Sky Vista from Sardinia"
              decoding="async"
              src="data:image/gif;base64,R0lGODlhAQABAIAAAAAAAP///yH5BAEAAAAALAAAAAABAAEAAAIBRAA7"
              style="visibility: hidden; position: absolute; top: 0px; left: 0px; bottom: 0px; right: 0px; box-sizing: border-box; padding: 0px; margin: auto; display: block; width: 0px; height: 0px; min-width: 100%; max-width: 100%; min-height: 100%; max-height: 100%; object-fit: cover;"
            />
          </div>
          <h3
            class="Previewstyled____H3-rry107-1 hZxGuM"
          >
            A Night Sky Vista from Sardinia
          </h3>
        </li>
        <li
          class="Previewstyled__Li-rry107-0 bXIiZC"
        >
          <div
            style="display: inline-block; max-width: 100%; overflow: hidden; position: relative; box-sizing: border-box; margin: 0px;"
          >
            <div
              style="box-sizing: border-box; display: block; max-width: 100%;"
            >
              <img
                alt=""
                aria-hidden="true"
                role="presentation"
                src="data:image/svg+xml;base64,PHN2ZyB3aWR0aD0iOTAwIiBoZWlnaHQ9IjMwMCIgeG1sbnM9Imh0dHA6Ly93d3cudzMub3JnLzIwMDAvc3ZnIiB2ZXJzaW9uPSIxLjEiLz4="
                style="max-width: 100%; display: block; margin: 0px; padding: 0px;"
              />
            </div>
            <img
              alt="Saturn and Jupiter over Italian Peaks"
              decoding="async"
              src="data:image/gif;base64,R0lGODlhAQABAIAAAAAAAP///yH5BAEAAAAALAAAAAABAAEAAAIBRAA7"
              style="visibility: hidden; position: absolute; top: 0px; left: 0px; bottom: 0px; right: 0px; box-sizing: border-box; padding: 0px; margin: auto; display: block; width: 0px; height: 0px; min-width: 100%; max-width: 100%; min-height: 100%; max-height: 100%; object-fit: cover;"
            />
          </div>
          <h3
            class="Previewstyled____H3-rry107-1 hZxGuM"
          >
            Saturn and Jupiter over Italian Peaks
          </h3>
        </li>
        <li
          class="Previewstyled__Li-rry107-0 bXIiZC"
        >
          <div
            class="Previewstyled____VideoSkeleton-rry107-2 kdSQrE"
          />
          <h3
            class="Previewstyled____H3-rry107-1 hZxGuM"
          >
            A Flight over Jupiter Near the Great Red Spot
          </h3>
        </li>
      </ul>
      <div
        class="Newsletterstyled__Newsletter-sc-1h8wulb-0 gztCBC"
      >
        <h4>
          Sign our newsletter for more stories
        </h4>
        <div>
          <input
            aria-label="email"
            class="Input-sc-1twg6e5-0 lhvOuQ"
            placeholder="maria@email.com"
            type="email"
          />
          <button
            aria-label="send email"
            class="Button-hd9ftx-0 kixTgi"
          >
            <img
              src="/send.svg"
            />
          </button>
        </div>
      </div>
    </main>
  </div>
</div>
`;
